[www.lse.ac.uk/index.html]
[www.google-analytics.com/analytics.js]
[backblue.gif]
[fade.gif]
[index.html]
[www.lse.ac.uk/site-elements/css/tempd357.css]
[www.lse.ac.uk/site-elements/css/lse36ae.css]
[www.lse.ac.uk/WebResourced210.js]
[www.lse.ac.uk/site-elements/img/touch-icon.png]
[www.lse.ac.uk/site-elements/img/shortcut-icon.png]
[www.lse.ac.uk/site-elements/img/favicon.png]
[www.lse.ac.uk/site-elements/js/vendor/modernizr.js]
[www.lse.ac.uk/site-elements/js/vendor/respond.js]
[www.lse.ac.uk/study-at-lse/Undergraduate/widening-participation/Sixth-form-college/pathways-to-law-london-years-12-132d60.html]
[www.lse.ac.uk/study-at-lse/meet-visit-and-discover-lse/visit-lse/information-sessions-for-prospective-students3655.html]
[www.lse.ac.uk/study-at-lse/meet-visit-and-discover-LSE/visit-lse/campus-tours-and-individual-visitsf594.html]
[www.lse.ac.uk/Events/Search-Eventsde24.html]
[www.lse.ac.uk/study-at-lse6ec9.html]
[www.lse.ac.uk/study-at-lse/Undergraduatebe01.html]
[www.lse.ac.uk/study-at-lse/Graduate9b43.html]
[www.lse.ac.uk/study-at-lse/executive-educationabb2.html]
[www.lse.ac.uk/study-at-lse/online-learning789a.html]
[www.lse.ac.uk/study-at-lse/summer-schools/Summer-School67cd.html]
[www.lse.ac.uk/study-at-lse/study-abroadf71e.html]
[www.lse.ac.uk/student-lifee099.html]
[www.lse.ac.uk/student-life/accommodatione9c9.html]
[www.lse.ac.uk/Researcheb42.html]
[www.lse.ac.uk/People/Search-Peoplec33a.html]
[www.lse.ac.uk/Research/REF-2021cacf.html]
[www.lse.ac.uk/Research/ukraine-lse-research-and-commentaryea74.html]
[www.lse.ac.uk/Research/uk-economy256b.html]
[www.lse.ac.uk/research/research-for-the-worldadaa.html]
[www.lse.ac.uk/Newsfd6c.html]
[www.lse.ac.uk/Events096a.html]
[www.lse.ac.uk/lse-player52c4.html]
[www.lse.ac.uk/News/FAQsb0e9.html]
[www.lse.ac.uk/about-lse64b7.html]
[www.lse.ac.uk/2030d701.html]
[www.lse.ac.uk/library37aa.html]
[www.lse.ac.uk/lse-information/contact-us75ed.html]
[www.lse.ac.uk/alumni-friends-and-partners81d6.html]
[www.lse.ac.uk/business17ee.html]
[www.lse.ac.uk/lse-information/assets/images/banners/VGOE-Landpage-Banner.jpg]
[www.lse.ac.uk/study-at-lse/meet-visit-and-discover-LSE/experience-lse/virtual-graduate-open-day758c.html]
[www.lse.ac.uk/study-at-lsebfd1.html]
[www.lse.ac.uk/lse-information/assets/images/study-at-and-student-life/Welcome-Sep22-018-747x560.jpg]
[www.lse.ac.uk/student-lifedb86.html]
[www.lse.ac.uk/lse-information/assets/images/study-at-and-student-life/Welcome-Sep22-005-747x560.jpg]
[www.lse.ac.uk/study-at-lse/Undergraduate/widening-participation/Sixth-form-college/pathways-to-banking-and-finance-london-years-12-134ca5.html]
[www.lse.ac.uk/lse-information/assets/images/study-at-and-student-life/4-3-ratio-Research-Students-5122.jpg]
[www.lse.ac.uk/News/Latest-news-from-LSE/2022/i-September-22/Abolishing-the-non-dom-regime-would-raise-more-than-39977.html]
[www.lse.ac.uk/lse-information/assets/images/news/Money-747-x-420.jpg]
[www.lse.ac.uk/Events/2022/10/202210271830/inequalitydf05.html]
[www.lse.ac.uk/Events/Events-Assets/Event-Images/2022/03MT/Promo/Leslie-McCall-747x420.jpg]
[www.lse.ac.uk/Events/Events-Assets/PDF/2022/MT-2022/21-0430-Events-leaflet-michaelmas-2022-v7-online13d7.pdf]
[www.lse.ac.uk/Events/Events-Assets/Event-Images/2022/03MT/Promo/747x420-Autumn-events-20221-no-type.jpg]
[www.lse.ac.uk/News/Latest-news-from-LSE/2022/j-October-22/Patients-with-developmental-disability-at-high-risk-in-NHS4302.html]
[www.lse.ac.uk/lse-information/assets/images/news/HospitalPatient747x420.jpg]
[www.lse.ac.uk/lse-information/assets/images/study-at-and-student-life/Student-Hub-747x420.jpg]
[www.lse.ac.uk/Research/UK-economyc349.html]
[www.lse.ac.uk/Research/Assets/Film-images/Inflation-thumb-560.png]
[www.lse.ac.uk/lse-information/assets/images/podcasts/Nobel-winners-podcasts-events.jpg]
[www.lse.ac.uk/lse-information/assets/images/podcasts/LSE-IQ-landscape747x420.jpg]
[www.lse.ac.uk/Research/Assets/Feature-images/ukraineannex-420.jpg]
[www.lse.ac.uk/research/research-for-the-world/society/stalling-social-progress-and-its-impact-on-childrene469.html]
[www.lse.ac.uk/Research/Assets/Feature-images/SPDO-infogram-747-x-420.jpg]
[www.lse.ac.uk/researchcd50.html]
[www.lse.ac.uk/News/News-Assets/images/Health/Dementia-stride-story-747-x-560.jpg]
[www.lse.ac.uk/study-at-lse/meet-visit-and-discover-LSE/experience-lse/Experience-LSE-from-homed46e.html]
[www.lse.ac.uk/Research/researcher-profiles/gaby-harris6aba.html]
[www.lse.ac.uk/about-lse/lse-at-a-glanceae5c.html]
[www.lse.ac.uk/about-lse/sustainabilitya7e3.html]
[www.lse.ac.uk/lse-player5c68.html]
[www.lse.ac.uk/research/research-for-the-world/about5ca9.html]
[www.lse.ac.uk/lse-information/campus-map.47.delayed]
[www.lse.ac.uk/lse-information/campus-map.html]
[www.lse.ac.uk/lse-information/contact-us.4a.delayed]
[www.lse.ac.uk/lse-information/contact-us.html]
[www.lse.ac.uk/lse-information/secure/report-a-page.4d.delayed]
[www.lse.ac.uk/lse-information/secure/report-a-page.html]
[www.lse.ac.uk/lse-information/cookies.50.delayed]
[www.lse.ac.uk/lse-information/cookies.html]
[www.lse.ac.uk/lse-information/accessibility-statement/home.53.delayed]
[www.lse.ac.uk/lse-information/terms-of-use.54.delayed]
[www.lse.ac.uk/lse-information/terms-of-use.html]
[www.lse.ac.uk/lse-information/privacy-policy.html]
[www.lse.ac.uk/site-elements/js/vendor/jquery.js]
[www.lse.ac.uk/site-elements/js/vendor/masonry.min.js]
[www.lse.ac.uk/site-elements/js/min/RemoveChevronAfterLevelOne.js]
[www.lse.ac.uk/site-elements/js/min/lse.min.js]
[www.lse.ac.uk/site-elements/js/typeahead.bundle.exp.js]
[www.lse.ac.uk/site-elements/js/typeahead.autocomplete.fb.js]
[lse.funnelback.co.uk/s/resources-global/js/jquery/jquery-ui-1.10.3.custom.mind93b.js]
[lse.funnelback.co.uk/s/resources/lse-website-meta/js/jquery.funnelback-completion-15.2.0d93b.js]
[www.lse.ac.uk/site-elements/js/Serch-Bar-Landing2.jsd93b.js]
[www.lse.ac.uk/index.html]
[www.lse.ac.uk/site-elements/css/tempd357.css]
[www.lse.ac.uk/site-elements/img/icons/ask-lse.png]
[www.lse.ac.uk/site-elements/fonts/icomoon2.eot]
[www.lse.ac.uk/site-elements/fonts/icomoon2.ttf]
[www.lse.ac.uk/site-elements/fonts/icomoon2.woff]
[www.lse.ac.uk/site-elements/fonts/icomoon2.svg]
[www.lse.ac.uk/site-elements/fonts/materialIcons.eot]
[www.lse.ac.uk/site-elements/fonts/materialIcons.woff2]
[www.lse.ac.uk/site-elements/fonts/materialIcons.woff]
[www.lse.ac.uk/site-elements/img/icons/checked.svg]
[www.lse.ac.uk/site-elements/img/icons/select.svg]
[www.lse.ac.uk/site-elements/img/icons/select.png]
[www.lse.ac.uk/site-elements/img/date-picker/ui-icons-444444-256x240.png]
[www.lse.ac.uk/site-elements/img/date-picker/ui-icons-777777-256x240.png]
[www.lse.ac.uk/site-elements/img/date-picker/ui-icons-555555-256x240.png]
[www.lse.ac.uk/site-elements/img/date-picker/ui-icons-ffffff-256x240.png]
[www.lse.ac.uk/site-elements/img/date-picker/ui-icons-777620-256x240.png]
[www.lse.ac.uk/site-elements/img/date-picker/ui-icons-cc0000-256x240.png]
[www.lse.ac.uk/site-elements/img/lseFull.svg]
[www.lse.ac.uk/site-elements/img/lseFull.png]
[www.lse.ac.uk/site-elements/img/play.svg]
[www.lse.ac.uk/site-elements/img/bg/eventPLACEHOLDER.jpg]
[www.lse.ac.uk/site-elements/img/nobody.svg]
[www.lse.ac.uk/site-elements/img/nobody.png]
[www.lse.ac.uk/site-elements/img/icons/ajax-loader.gif]
[www.lse.ac.uk/site-elements/img/bg/articleBanner.jpg]
[www.lse.ac.uk/site-elements/img/icons/eventsPlayIcon.svg]
[www.lse.ac.uk/site-elements/img/bg/lightPattern.png]
[www.lse.ac.uk/News/NewsBanner/2017/newsBanner.jpg]
[www.lse.ac.uk/site-elements/img/icons/click3.svg]
[www.lse.ac.uk/site-elements/img/icons/play3.png]
[www.lse.ac.uk/site-elements/css/lse36ae.css]
[www.lse.ac.uk/WebResourced210.js]
[www.googletagmanager.com/gtm5445.html]
[www.lse.ac.uk/WebResource2750.js]
[www.lse.ac.uk/study-at-lse.html]
[www.lse.ac.uk/study-at-lse/Undergraduate.html]
[www.lse.ac.uk/study-at-lse/Graduate.html]
[www.lse.ac.uk/study-at-lse/executive-education.html]
[www.lse.ac.uk/study-at-lse/study-abroad.html]
[www.lse.ac.uk/study-at-lse/summer-schools.html]
[www.lse.ac.uk/study/informationForInternationalStudents/Home.90.delayed]
[www.lse.ac.uk/study-at-lse/meet-visit-and-discover-LSE.html]
[www.lse.ac.uk/study-at-lse/Undergraduate/widening-participation.html]
[www.lse.ac.uk/study-at-lse/Undergraduate/widening-participation/Sixth-form-college.html]
[www.lse.ac.uk/study-at-lse/Undergraduate/widening-participation/Assets/Images/banners/lunch-in-new-academic-building.jpg]
[www.lse.ac.uk/study-at-lse/Undergraduate/widening-participation/Assets/PDF/LSE-Core-WP-Team-Safeguarding-Guidance-and-Procedures.pdf]
[www.lse.ac.uk/Global-assets/Stock-image-assets/Stock-images/0800-x-0450-pixels-16-9-ratio-horizontal/London-skyline-0155-800x450-16-9-sRGBe.jpg]
[www.lse.ac.uk/law.html]
[www.lse.ac.uk/study-at-lse/Undergraduate/widening-participation/Assets/Images/Old-Bailey.jpg]
[www.lse.ac.uk/About-LSE.html]
[www.lse.ac.uk/study-at-lse/Undergraduate/widening-participation/Assets/Images/students.jpg]
[www.lse.ac.uk/events.html]
[www.lse.ac.uk/study-at-lse/Undergraduate/widening-participation/Assets/Images/Dalai-Lama.jpg]
[www.lse.ac.uk/study-at-lse/meet-visit-and-discover-LSE/visit-lse/visit-lse.html]
[www.lse.ac.uk/study-at-lse/Undergraduate/widening-participation/Assets/Images/Open-Day.jpg]
[www.lse.ac.uk/study-at-lse/Undergraduate/widening-participation/Assets/Images/SU-students.jpg]
[www.lse.ac.uk/study-at-lse/Undergraduate/widening-participation/About/widening-participation-team.html]
[www.lse.ac.uk/Global-assets/Stock-image-assets/LSE-Logo-Signage/0800-x-0450-pixels-16-9-ratio-Horizontal/LSE-Campus034-800x450-16-9-sRGBe.jpg]
[d1bxh8uas1mnw7.cloudfront.net/assets/embed.js]
[www.lse.ac.uk/site-elements/js/min/accordion73c3.js]
[www.lse.ac.uk/study-at-lse/Undergraduate/widening-participation/Sixth-form-college/pathways-to-law-london-years-12-132d60.html]
[www.lse.ac.uk/study-at-lse/Assets/Images/event-images/houghton-street-students-standard-banner.jpg]
[www.lse.ac.uk/study-at-lse/meet-visit-and-discover-LSE/events/virtual-events/2022-23/LSE-Discovery-Sessions/undergraduate/2-november-2022.html]
[www.lse.ac.uk/study-at-lse/meet-visit-and-discover-LSE/events/virtual-events/2022-23/LSE-Discovery-Sessions/undergraduate/30-november-2022.html]
[www.lse.ac.uk/study-at-lse/meet-visit-and-discover-LSE/events/virtual-events/2022-23/LSE-Discovery-Sessions/graduate/2-november-2022.html]
[www.lse.ac.uk/study-at-lse/meet-visit-and-discover-LSE/events/virtual-events/2022-23/LSE-Discovery-Sessions/graduate/16-november-2022.html]
[www.lse.ac.uk/study-at-lse/meet-visit-and-discover-LSE/events/virtual-events/2022-23/LSE-Discovery-Sessions/graduate/23-november-2022.html]
[www.lse.ac.uk/study-at-lse/meet-visit-and-discover-LSE/visit-lse/campus-tours-and-individual-visits.html]
[www.lse.ac.uk/study-at-lse/Undergraduate/Assets/Images/teachers-and-parents/here-to-help-747x420.jpg]
[www.lse.ac.uk/study-at-lse/meet-visit-and-discover-LSE/experience-lse/virtual-graduate-open-day.html]
[www.lse.ac.uk/study-at-lse/Assets/Images/virtual-graduate-open-day/promo-virtual-graduate-open-events.jpg]
[www.lse.ac.uk/study-at-lse/Undergraduate/Prospective-Students/Virtual-undergraduate-open-day/virtual-online-events.html]
[www.lse.ac.uk/study-at-lse/Undergraduate/Assets/Images/teachers-and-parents/open-day-747x420.jpg]
[www.lse.ac.uk/study-at-lse/Assets/Images/Meet-Visit-discover/experience-lse/explore-our-blogs-747x420-1.jpg]
[www.lse.ac.uk/student-life/Campus-life/student-vlogs.html]
[www.lse.ac.uk/study-at-lse/Assets/Images/Meet-Visit-discover/experience-lse/Explore-our-vlogs-747x420.jpg]
[www.lse.ac.uk/study-at-lse/meet-visit-and-discover-LSE/experience-lse/experience-lse-from-home.html]
[www.lse.ac.uk/study-at-lse/Assets/Images/Meet-Visit-discover/experience-lse/online-virtual-event-747x420.jpg]
[www.lse.ac.uk/study-at-lse/meet-visit-and-discover-lse/visit-lse/information-sessions-for-prospective-students3655.html]
[www.lse.ac.uk/WebResourcef20c.js]
[www.lse.ac.uk/study-at-lse/Assets/Images/Meet-Visit-discover/visit-lse/here-to-help-1400-300.jpg]
[www.lse.ac.uk/study-at-lse/Assets/PDF/LSExplorer-2021.pdf]
[www.lse.ac.uk/study-at-lse/meet-visit-and-discover-LSE/events/visit-lse/2022-23/guided-campus-tours/26-october-2022.html]
[www.lse.ac.uk/study-at-lse/meet-visit-and-discover-LSE/events/visit-lse/2022-23/guided-campus-tours/30-november-2022.html]
[www.lse.ac.uk/study-at-lse/meet-visit-and-discover-LSE/events/search-events.html]
[www.lse.ac.uk/study-at-lse/Assets/Images/Calendar-800x450.jpg]
[www.lse.ac.uk/study-at-lse/meet-visit-and-discover-LSE/visit-lse/information-sessions-for-prospective-students.html]
[www.lse.ac.uk/study-at-lse/Undergraduate/Assets/Images/teachers-and-parents/students-houghton-street-747x420.jpg]
[www.lse.ac.uk/student-life.html]
[www.lse.ac.uk/study-at-lse/Assets/Images/Study-Landing-Student-Life-800x450-16-9.jpg]
[www.lse.ac.uk/study-at-lse/Assets/Images/Meet-Visit-discover/experience-lse/explore-our-blogs-1x1.jpg]
[www.lse.ac.uk/study-at-lse/Assets/Images/Meet-Visit-discover/experience-lse/Explore-our-vlogs-1x1.jpg]
[www.lse.ac.uk/study-at-lse/Assets/Images/Meet-Visit-discover/experience-lse/explore-videos-1x1.jpg]
[www.lse.ac.uk/study-at-lse/meet-visit-and-discover-LSE/visit-lse/campus-tours-and-individual-visitsf594.html]
[www.lse.ac.uk/Events-2.html]
[www.lse.ac.uk/Events/Search-Events.html]
[www.lse.ac.uk/Events/LSE-Events-FAQs.html]
[www.lse.ac.uk/Events/arts-and-music.html]
[www.lse.ac.uk/Events/LSE-Festival/2022/Home.cb.delayed]
[www.lse.ac.uk/lse-player.html]
[www.lse.ac.uk/Events/Ralph-Miliband-Programme.html]
[www.lse.ac.uk/Events/results from_ https_/lse.funnelback.co.uk/s/search.cf825f.delayed]
[www.lse.ac.uk/Events/Search-Eventsc3ea.html]
[www.lse.ac.uk/Events/Search-Events1535.html]
[www.lse.ac.uk/Events/Search-Events96bd.html]
[www.lse.ac.uk/Events/Search-Events7159.html]
[www.lse.ac.uk/Events/Search-Events6b12.html]
[www.lse.ac.uk/Events/Search-Events8cc0.html]
[www.lse.ac.uk/Events/Search-Events4cf7.html]
[www.lse.ac.uk/Events/Search-Events092f.html]
[www.lse.ac.uk/Events/Search-Eventsfb5f.html]
[www.lse.ac.uk/Events/Search-Events4fd7.html]
[www.lse.ac.uk/Events/Search-Events0aca.html]
[www.lse.ac.uk/Events/Events-Assets/Event-Images/2022/03MT/Thumbnail/Ignacio-Garcia-Bercero-386x216.jpg]
[www.lse.ac.uk/Events/Events-Assets/Event-Images/2022/03MT/Thumbnail/Tangram-collective-386x216.jpg]
[www.lse.ac.uk/Events/Events-Assets/Event-Images/2022/03MT/Thumbnail/Leslie-McCall-386x216.jpg]
[www.lse.ac.uk/international-development/Assets/Images/Events/DV445-2022/Thumbnails/Branko-Thumbnail.jpg]
[www.lse.ac.uk/Events/Events-Assets/Event-Images/2022/03MT/Thumbnail/Benedetta-Berti-1386x216.jpg]
[www.lse.ac.uk/Events/Events-Assets/Event-Images/2022/03MT/Thumbnail/Barry-Weingast-386x216.jpg]
[www.lse.ac.uk/Events/Events-Assets/Event-Images/2022/03MT/Thumbnail/David-Wengrow-386-x-216.jpg]
[www.lse.ac.uk/Events/Events-Assets/Event-Images/2022/03MT/Thumbnail/Sam-Armstrong-386x216.jpg]
[www.lse.ac.uk/Events/Events-Assets/Event-Images/2022/03MT/Thumbnail/Ruha-Benjamin-386x216.jpg]
[www.lse.ac.uk/Events/Search-Events8a62.html]
[www.lse.ac.uk/Events/Search-Events4f6f.html]
[www.lse.ac.uk/Events/Search-Eventsf0f6.html]
[www.lse.ac.uk/Events/Search-Events1005.html]
[www.lse.ac.uk/site-elements/js/Serch-Bar-Landing2.js.js]
[lse.funnelback.co.uk/s/resources/lse-programmes/_default_preview/js/datepicker-init.js]
[www.lse.ac.uk/site-elements/js/no-results-autocomplete5d24.js]
[www.lse.ac.uk/Events/Search-Eventsde24.html]
[www.lse.ac.uk/Global-assets/Stock-image-assets/LSE-Student-social/1366-x-0538-pixels-promo-image-horizontal/Prospectus-2012-9659-1366x538-16-9-sRGBe.jpg]
[www.lse.ac.uk/study-at-lse/Assets/Images/Study-Landing-Undergraduate-16x9.jpg]
[service.force.com/embeddedservice/5.0/esw.min.js]
[lse360.my.salesforce.com/embeddedservice/5.0/esw.min.js]
[www.lse.ac.uk/study-at-lse/Assets/Images/Study-Landing-Graduate-16x9.jpg]
[www.lse.ac.uk/Global-assets/Stock-image-assets/LSE-Logo-Signage/1366-x-0768-pixels-16-9-ratio-Horizontal/32LIF-8353-1366x768-16-9-sRGBe-Cropped-747x419.jpg]
[www.lse.ac.uk/study-at-lse/study-abroad/assets/images/promo-boxes/16x9-LSE-Globe.jpg]
[www.lse.ac.uk/study-at-lse/Assets/Images/Study-Landing-Online-learning-800x450px.jpg]
[www.lse.ac.uk/study-at-lse/Assets/Images/SummerSchools-800.jpg]
[www.lse.ac.uk/about-lse-2.html]
[www.lse.ac.uk/study-at-lse/Assets/Images/Study-Landing-LSE-Education-800x450-16-9.jpg]
[www.lse.ac.uk/study-at-lse/international-students.html]
[www.lse.ac.uk/study-at-lse/Assets/Images/Study-Landing-International-Students.jpg]
[www.lse.ac.uk/study-at-lse/international-students/refugees-forced-migrants-displaced-students.html]
[www.lse.ac.uk/study-at-lse/Assets/Images/16-9-ratio-Welcome-Week-6853.jpg]
[www.lse.ac.uk/study-at-lse/Assets/Images/Aerial-Shot-2464-800x450-16-9-sRGBe.jpg]
[www.lse.ac.uk/study-at-lse/uolip.html]
[www.lse.ac.uk/study-at-lse/Assets/Images/Study-Landing-Global-Learning-16x9.jpg]
[www.lse.ac.uk/student-life/accommodation.html]
[www.lse.ac.uk/Global-assets/Stock-image-assets/LSE-Residences/0800-x-0450-pixels-16-9-ratio-horizontal/Passfield-Halls-9766-800x450-16-9-sRGBe.jpg]
[www.lse.ac.uk/language-centre.html]
[www.lse.ac.uk/study-at-lse/Assets/Images/Study-Landing-Language-Centrev1-16x9.jpg]
[www.lse.ac.uk/study-at-lse/Assets/Images/LSELIFE-747x420.jpg]
[www.lse.ac.uk/study-at-lse/Assets/Images/Careers-Study.png]
[www.lse.ac.uk/Global-assets/Stock-image-assets/LSE-Student-social/0800-x-0600-pixels-4-3-ratio-horizontal/32LIF-8286-800x600-4-3-sRGBe.jpg]
[www.lse.ac.uk/study-at-lse/Undergraduate/Assets/Images/offer-holders/video-conferencing-4x3.jpg]
[www.lse.ac.uk/study-at-lse/Assets/Images/Study-Landing-Meet-Visit-Discover-4x3.jpg]
[www.lse.ac.uk/study-at-lse/meet-visit-and-discover-LSE/visit-lse/contact-student-marketing-and-recruitment.html]
[www.lse.ac.uk/study-at-lse/Assets/Images/Contact-SMR-4x3.jpg]
[www.lse.ac.uk/study-at-lse/Undergraduate/Assets/Images/offer-holders/online-chat-4x3.jpg]
[www.lse.ac.uk/study-at-lse6ec9.html]
[www.lse.ac.uk/Global-assets/Stock-image-assets/LSE-Student-social/1366-x-0768-pixels-16-9-ratio-horizontal/PGP-09-4172-1366x768-16-9-sRGBe.jpg]
[www.lse.ac.uk/study-at-lse/Undergraduate/Teachers-schools-parents.html]
[www.lse.ac.uk/Programmes/Search-Courses156d.html]
[www.lse.ac.uk/study-at-lse/Undergraduate/Prospective-Students.html]
[www.lse.ac.uk/Global-assets/Stock-image-assets/LSE-Open-day/0800-x-0450-pixels-16-9-ratio-horizontal/Open-Day-5941-800x450-16-9-sRGBe.jpg]
[www.lse.ac.uk/study-at-lse/Undergraduate/Applicants.html]
[www.lse.ac.uk/Global-assets/Stock-image-assets/LSE-Student-social/0800-x-0450-pixels-16-9-ratio-horizontal/PGP-09-4046-800x450-16-9-sRGBe.jpg]
[www.lse.ac.uk/study-at-lse/Undergraduate/Offer-Holder.html]
[www.lse.ac.uk/Global-assets/Stock-image-assets/LSE-Logo-Signage/0800-x-0450-pixels-16-9-ratio-Horizontal/Signage-3130-800x450-16-9-sRGBe.jpg]
[www.lse.ac.uk/Programmes/Search-courses156d-2.html]
[www.lse.ac.uk/Global-assets/Stock-image-assets/LSE-Student-social/0800-x-0600-pixels-4-3-ratio-horizontal/Prospectus-May-2014-1024-800x600-4-3-sRGBe.jpg]
[www.lse.ac.uk/study-at-lse/Undergraduate/fees-and-funding.html]
[www.lse.ac.uk/study-at-lse/Undergraduate/Assets/Images/Fees-Funding-2018-800x450.jpg]
[www.lse.ac.uk/lifeAtLSE/accommodation/home.122.delayed]
[www.lse.ac.uk/Global-assets/Stock-image-assets/LSE-Residences/0800-x-0450-pixels-16-9-ratio-horizontal/Bankside-Halls-8804-800x450-16-9-sRGBe.jpg]
[www.lse.ac.uk/study-at-lse/Undergraduate/Prospective-Students/Virtual-undergraduate-open-day/virtual-undergraduate-open-day.html]
[www.lse.ac.uk/study-at-lse/Undergraduate/Prospective-Students/How-to-Apply.html]
[www.lse.ac.uk/Global-assets/Stock-image-assets/LSE-Support-staff/0800-x-0600-pixels-4-3-ratio-horizontal/Library-1813-800x600-4-3-sRGBe.jpg]
[www.lse.ac.uk/Global-assets/Stock-image-assets/LSE-Freshers-Fair/0800-x-0450-pixels-16-9-ratio-horizontal/Freshers-Fair-0499-800x450-16-9-sRGBe.jpg]
[www.lse.ac.uk/study-at-lse/Undergraduate/Applicants/Secure/Contact-UG-Admissions.html]
[www.lse.ac.uk/Global-assets/Stock-image-assets/LSE-Freshers-Fair/0800-x-0450-pixels-16-9-ratio-horizontal/Orientation-Week-2501-800x450-16-9-sRGBe.jpg]
[www.lse.ac.uk/study-at-lse/Undergraduate/Prospective-Students/OfS-Transparency-Return.html]
[www.lse.ac.uk/Global-assets/Stock-image-assets/LSE-Student-social/0800-x-0450-pixels-16-9-ratio-horizontal/NAB-8529-800x450-16-9-sRGBe.jpg]
[www.lse.ac.uk/study-at-lse/Assets/Images/Meet-Visit-Discover-Landing-Webinars-16x9.jpg]
[www.lse.ac.uk/Global-assets/Stock-image-assets/LSE-Logo-Signage/0800-x-0450-pixels-16-9-ratio-Horizontal/Logo-8062-800x450-16-9-sRGBe.jpg]
[www.lse.ac.uk/study-at-lse/Undergraduatebe01.html]
[www.lse.ac.uk/Global-assets/Stock-image-assets/LSE-Graduation/1024-x-0576-pixels-16-9-ratio-horizontal/Graduation-9833-1024x576-16-9-sRGBe.jpg]
[www.lse.ac.uk/study-at-lse/Graduate/Available-programmes.html]
[www.lse.ac.uk/study-at-lse/Graduate/Prospective-students.html]
[www.lse.ac.uk/study-at-lse/Graduate/Applicants.html]
[www.lse.ac.uk/study-at-lse/Graduate/Offer-holders.html]
[www.lse.ac.uk/study-at-lse/Graduate/fees-and-funding.html]
[www.lse.ac.uk/study-at-lse/Graduate/Contact-Graduate-Admissions.html]
[www.lse.ac.uk/Global-assets/Stock-image-assets/LSE-Open-day/0800-x-0450-pixels-16-9-ratio-horizontal/Open-Day-5937-800x450-16-9-sRGBe.jpg]
[www.lse.ac.uk/Global-assets/Stock-image-assets/LSE-Student-social/0800-x-0450-pixels-16-9-ratio-horizontal/PGP-09-4200-800x450-16-9-sRGBe.jpg]
[www.lse.ac.uk/Global-assets/Stock-image-assets/Campus/0800x0450-pixels-16-9-ratio-horizontal/NAB-9958-800x450-16-9-sRGBe.jpg]
[www.lse.ac.uk/Global-assets/Stock-image-assets/LSE-Academic-staff/0800x0600-pixels-4-3-ratio-horizontal/Teaching-Symposium-9905-800x600-4-3-sRGBe.jpg]
[www.lse.ac.uk/Global-assets/Stock-image-assets/Campus/0800x0450-pixels-16-9-ratio-horizontal/Old-Building-045-800x450-16-9-sRGBe.jpg]
[www.lse.ac.uk/Global-assets/Stock-image-assets/LSE-Research/0800-x-0450-pixels-16-9-ratio-horizontal/Library-Part-2-2866-800x450-16-9-sRGBe.jpg]
[www.lse.ac.uk/Global-assets/Stock-image-assets/LSE-Media-Comms/0800-x-0450-pixels-16-9-Horizontal/Media-Teaching-5704-800x450-16-9-sRGBe.jpg]
[www.lse.ac.uk/Global-assets/Stock-image-assets/LSE-Logo-Signage/0800-x-0450-pixels-16-9-ratio-Horizontal/Houghton-Street-0054-800x450-16-9-sRGBe.jpg]
[www.lse.ac.uk/Global-assets/Stock-image-assets/LSE-Student-social/0800-x-0450-pixels-16-9-ratio-horizontal/Orientation-0057-800x450-16-9-sRGBe.jpg]
[www.lse.ac.uk/lifeAtLSE/lifeHome.142.delayed]
[www.lse.ac.uk/Global-assets/Stock-image-assets/Stock-images/0800-x-0450-pixels-16-9-ratio-horizontal/Big-Ben-5642-800x450-16-9-sRGBe.jpg]
[www.lse.ac.uk/study-at-lse/Graduate/News.html]
[www.lse.ac.uk/Global-assets/Stock-image-assets/LSE-events/0800x0450-pixels-16-9-ratio-horizontal/Event-Steward-CSRC-9718-800x450-16-9-sRGBe.jpg]
[www.lse.ac.uk/study-at-lse/Graduate9b43.html]
[www.googletagmanager.com/gtm0aea.js]
[www.lse.ac.uk/static-lse-executive-education/img/icons/apple-touch-icon.png]
[www.lse.ac.uk/static-lse-executive-education/img/icons/favicon-32x32.png]
[www.lse.ac.uk/static-lse-executive-education/img/icons/favicon-16x16.png]
[www.lse.ac.uk/static-lse-executive-education/site.webmanifest]
[www.lse.ac.uk/static-lse-executive-education/img/icons/safari-pinned-tab.svg]
[www.lse.ac.uk/exec-image-library/logo/LSE-Extend-Final-Logo-small.png]
[www.lse.ac.uk/exec-image-library/logo/LSE-Extend-Reversed-out.png]
[www.lse.ac.uk/exec-image-library/2022-article-shard.xc87f3b79a309.jpg]
[www.lse.ac.uk/exec-image-library/AI-1-resized.x0b2e0ee7a309.jpg]
[www.lse.ac.uk/exec-image-library/general-content-images/strategicdecisions-2-resized.x96b86704a309.jpg]
[www.lse.ac.uk/exec-image-library/article-images/From-conflict-to-win-win.xad9c37cda309.jpg]
[www.lse.ac.uk/exec-image-library/video-stills/New-thumbnails/LSE-Youtube-23-March-2021.x8ee07d4922d8.jpg]
[www.lse.ac.uk/exec-image-library/video-stills/New-thumbnails/LSE-Youtube-FO-03-03-2111-SDM2.xe0bb6d4f22d8.jpg]
[www.lse.ac.uk/exec-image-library/video-stills/2217lse-brunello-rosa-inflation-v3-thumb-1.xe2c9b6ae22d8.png]
[www.lse.ac.uk/exec-image-library/video-stills/New-thumbnails/LSE-Youtube-FO-03-03-2115-ASSET2.x0bbe31af22d8.jpg]
[www.lse.ac.uk/exec-image-library/video-stills/2217lse-ken-benoit-detecting-sentiment-of-text-thumbnail.xd3c6366e22d8.png]
[www.lse.ac.uk/exec-image-library/lse-home-belly.png]
[www.lse.ac.uk/exec-image-library/banner-images/Gherkin.xfbae64387cd5.jpg]
[www.lse.ac.uk/exec-image-library/banner-images/Gherkin.xfbae64386eff.jpg]
[www.lse.ac.uk/study-at-lse/executive-education/lse-advantage.html]
[www.lse.ac.uk/exec-image-library/programme-page-images/Behavioural-Economics.x2b03ca09c9f7.png]
[www.lse.ac.uk/study-at-lse/executive-education/on-campus-open-programmes.html]
[www.lse.ac.uk/study-at-lse/online-learning/online-certificate-courses.html]
[www.lse.ac.uk/exec-image-library/video-stills/man-with-laptop.x7f55a1b3.xe7e0417b4499.jpg]
[www.lse.ac.uk/study-at-lse/executive-masters-degrees.html]
[www.lse.ac.uk/exec-image-library/homepage-images/ExecutiveDegrees-homebanner-Cropped-746x420.xb61090e6c9f7.png]
[www.lse.ac.uk/study-at-lse/executive-education/insights/articles/the-skills-you-need-for-2022.html]
[www.lse.ac.uk/study-at-lse/executive-education/insights/articles/ai-and-business-how-what-you-put-in-shapes-what-you-get-out.html]
[www.lse.ac.uk/study-at-lse/executive-education/insights/articles/how-to-make-good-strategic-decisions-under-uncertainty-and-time-pressure.html]
[www.lse.ac.uk/study-at-lse/executive-education/insights/articles/from-conflict-to-win-win-how-to-negotiate-more-effectively.html]
[www.lse.ac.uk/static-lse-executive-education/startup-0.0.5.js]
[www.lse.ac.uk/static-lse-executive-education/legacy/js/runtime.c0fadbc3125ebd50dd8a.js]
[www.lse.ac.uk/static-lse-executive-education/legacy/js/app.0b5cbc648623d5fd2b68.js]
[www.lse.ac.uk/static-lse-executive-education/modern/js/runtime.c51f9bda9977a43df7b4.mjs]
[www.lse.ac.uk/static-lse-executive-education/legacy/js/vendor.241a72ce931642384d28.js]
[www.lse.ac.uk/static-lse-executive-education/modern/js/app.63104ddfc0c94eb884bb.mjs]
[www.lse.ac.uk/static-lse-executive-education/modern/js/1.d947fabbcaf9eac23ed2.mjs]
[www.lse.ac.uk/static-lse-executive-education/modern/js/vendor.0981466dfdac6e72b5f6.mjs]
[www.lse.ac.uk/static-lse-executive-education/modern/js/0.8f00d3b378bcc26b5bac.mjs]
[www.lse.ac.uk/static-lse-executive-education/modern/js/2.6d77b1ba888628041d20.mjs]
[www.lse.ac.uk/static-lse-executive-education/modern/js/4.d4b056b8ef3130eb45bf.mjs]
[www.lse.ac.uk/static-lse-executive-education/modern/js/pages-Home-Homepage.c5d3dc01f4b63087f13e.mjs]
[www.lse.ac.uk/study-at-lse/executive-educationabb2.html]
[www.lse.ac.uk/static-lse-online/img/icons/apple-touch-icon.png]
[www.lse.ac.uk/static-lse-online/img/icons/favicon-32x32.png]
[www.lse.ac.uk/static-lse-online/img/icons/favicon-16x16.png]
[www.lse.ac.uk/static-lse-online/site.webmanifest]
[www.lse.ac.uk/static-lse-online/img/icons/safari-pinned-tab.svg]
[www.lse.ac.uk/study-at-lse/online-learning.html]
[www.lse.ac.uk/online-image-library/Online-Certificate-Course-Images/alevision-co-7ojyp-IXW7w-unsplash.x4673643aa309.jpg]
[www.lse.ac.uk/online-image-library/Stock-images/HomepageCorporate.x8bd1bdbea309.png]
[www.lse.ac.uk/online-image-library/Article-Images/Marshall.x3684a681a309.jpg]
[www.lse.ac.uk/online-image-library/LSE-images/Library.x896e93dca309.jpg]
[www.lse.ac.uk/online-image-library/lse-home-belly.png]
[www.lse.ac.uk/online-image-library/Stock-images/Bridge1.xd92f262e7cd5.jpg]
[www.lse.ac.uk/online-image-library/Stock-images/Bridge1.xd92f262e6eff.jpg]
[www.lse.ac.uk/study-at-lse/online-learning/courses.html]
[www.lse.ac.uk/study-at-lse/online-learning/online-masterclasses.html]
[www.lse.ac.uk/online-image-library/Stock-images/960x560-0002-Homepage-MC.x8c578228c9f7.jpg]
[www.lse.ac.uk/online-image-library/Stock-images/960x560-0003-Homepage-OCC.x69abd00fc9f7.jpg]
[www.lse.ac.uk/study-at-lse/online-learning/courses/data-analytics.html]
[www.lse.ac.uk/online-image-library/Stock-images/Career-Accelerator.xe405122ec9f7.jpg]
[www.lse.ac.uk/study-at-lse/uolip/online-taught-programmes.html]
[www.lse.ac.uk/online-image-library/Stock-images/960x560-0004-Homepage-UOL.xf6e0331cc9f7.jpg]
[www.lse.ac.uk/study-at-lse/online-learning/about-us.html]
[www.lse.ac.uk/study-at-lse/online-learning/insights.html]
[www.lse.ac.uk/study-at-lse/online-learning/corporate-solutions.html]
[www.lse.ac.uk/study-at-lse/online-learning/certificate-of-professional-development.html]
[www.lse.ac.uk/study-at-lse/online-learning/contact-us.html]
[www.lse.ac.uk/static-lse-online/startup-0.0.5.js]
[www.lse.ac.uk/static-lse-online/legacy/js/runtime.c0fadbc3125ebd50dd8a.js]
[www.lse.ac.uk/static-lse-online/legacy/js/app.0b5cbc648623d5fd2b68.js]
[www.lse.ac.uk/static-lse-online/modern/js/runtime.c51f9bda9977a43df7b4.mjs]
[www.lse.ac.uk/static-lse-online/legacy/js/vendor.241a72ce931642384d28.js]
[www.lse.ac.uk/static-lse-online/modern/js/app.63104ddfc0c94eb884bb.mjs]
[www.lse.ac.uk/static-lse-online/modern/js/vendor.0981466dfdac6e72b5f6.mjs]
[www.lse.ac.uk/static-lse-online/modern/js/1.d947fabbcaf9eac23ed2.mjs]
[www.lse.ac.uk/static-lse-online/modern/js/0.8f00d3b378bcc26b5bac.mjs]
[www.lse.ac.uk/static-lse-online/modern/js/2.6d77b1ba888628041d20.mjs]
[www.lse.ac.uk/static-lse-online/modern/js/4.d4b056b8ef3130eb45bf.mjs]
[www.lse.ac.uk/static-lse-online/modern/js/pages-Home-Homepage.c5d3dc01f4b63087f13e.mjs]
[www.lse.ac.uk/study-at-lse/online-learning789a.html]
[www.lse.ac.uk/study-at-lse/summer-schools/Summer-School/Assets/Images/Banners/20210819-184-1400x700.jpg]
[www.lse.ac.uk/study-at-lse/summer-schools/Summer-School/About-LSE-SummerSchool/Secure/Home.199.delayed]
[www.lse.ac.uk/study-at-lse/summer-schools/Summer-School/Courses/Secure/Home.19a.delayed]
[www.lse.ac.uk/study-at-lse/summer-schools/Summer-School/Fees/Secure/Home.19b.delayed]
[www.lse.ac.uk/study-at-lse/summer-schools/Summer-School/How-to-apply/Secure/Home.19c.delayed]
[www.lse.ac.uk/study-at-lse/summer-schools/Summer-School/Social-programme/Secure/Home.19d.delayed]
[www.lse.ac.uk/study-at-lse/summer-schools/Summer-School/accommodation/secure/home.19e.delayed]
[www.lse.ac.uk/study-at-lse/summer-schools/Summer-School/Student-testimonials/Secure/home.19f.delayed]
[www.lse.ac.uk/study-at-lse/summer-schools/Summer-School/ask-a-student.html]
[www.lse.ac.uk/study-at-lse/summer-schools/Summer-School/FAQs/Secure/Home.1a1.delayed]
[www.lse.ac.uk/study-at-lse/summer-schools/Summer-School/Courses/Secure.html]
[www.lse.ac.uk/study-at-lse/summer-schools/Summer-School/Assets/Images/747x420/20210819-317-747x420.jpg]
[www.lse.ac.uk/study-at-lse/summer-schools/Summer-School/Student-testimonials/Secure.html]
[www.lse.ac.uk/study-at-lse/summer-schools/Summer-School/Assets/Images/747x420/video-screenshot-LSE-Lights.jpg]
[www.lse.ac.uk/study-at-lse/summer-schools/Summer-School/How-to-apply/Secure.html]
[www.lse.ac.uk/study-at-lse/summer-schools/Summer-School/Assets/Images/747x420/LSE-2018-SS-674-747x420.jpg]
[www.lse.ac.uk/study-at-lse/summer-schools/Summer-School/Student-testimonials/Secure/Curriculum.html]
[www.lse.ac.uk/study-at-lse/summer-schools/Summer-School/Assets/Images/747x420/Walking-Tour-112-747x420.jpg]
[www.lse.ac.uk/study-at-lse/summer-schools/Summer-School/Professional-skills/Secure.html]
[www.lse.ac.uk/study-at-lse/summer-schools/Summer-School/Assets/Images/747x420/girl-with-arms-folded-747x420.jpg]
[www.lse.ac.uk/study-at-lse/summer-schools/Summer-School/Social-programme/Secure.html]
[www.lse.ac.uk/study-at-lse/summer-schools/Summer-School/Assets/Images/747x560/20210820-086-747x560.jpg]
[www.lse.ac.uk/study-at-lse/summer-schools/Summer-School/accommodation/secure.html]
[www.lse.ac.uk/study-at-lse/summer-schools/Summer-School/Assets/Images/747x560/849-HL-LSE-London-Image-747x560.jpg]
[www.lse.ac.uk/study-at-lse/summer-schools/Summer-School/Assets/Images/747x420/promo-students-in-market-747x420.jpg]
[www.lse.ac.uk/study-at-lse/summer-schools/Summer-School/FAQs/Secure.html]
[www.lse.ac.uk/study-at-lse/summer-schools/Summer-School/Assets/Images/747x420/LSE-Treasure-Hunt-008-747x420.jpg]
[www.lse.ac.uk/study-at-lse/summer-schools/Summer-School/Fees/Secure.html]
[www.lse.ac.uk/study-at-lse/Summer-Schools/Summer-School/Assets/Documents/SS-Financial-Terms-and-Conditions.pdf]
[www.lse.ac.uk/study-at-lse/summer-schools/Summer-School/Transcripts/Secure.html]
[www.lse.ac.uk/study-at-lse/summer-schools/Summer-School/Assets/Documents/2022/211103-LSE-SS-Brochure-2022-web.pdf]
[www.lse.ac.uk/study-at-lse/summer-schools/Summer-School/Assets/Images/Promos/Brochure-SS2022-Promo.jpg]
[www.lse.ac.uk/study-at-lse/summer-schools/Summer-School67cd.html]
[www.lse.ac.uk/study-at-lse/study-abroad/assets/images/page-banners/1400x700-tower-bridge.jpg]
[www.lse.ac.uk/study-at-lse/study-abroad/go-lse.html]
[www.lse.ac.uk/study-at-lse/study-abroad/the-general-course.html]
[www.lse.ac.uk/study-at-lse/study-abroad/assets/images/promo-boxes/16x9-student-social-life.jpg]
[www.lse.ac.uk/study-at-lse/study-abroad/go-lse/outbound/Outbound-Students.html]
[www.lse.ac.uk/study-at-lse/study-abroad/go-lse/images/16x9-CEU-Vienna-3.jpg]
[www.lse.ac.uk/study-at-lse/study-abroad/go-lse/inbound/advice-for-inbound-students.html]
[www.lse.ac.uk/study-at-lse/study-abroad/assets/images/promo-boxes/16x9-students-covid.jpg]
[www.lse.ac.uk/study-at-lse/study-abroadf71e.html]
[www.lse.ac.uk/student-life/Campus-life.html]
[www.lse.ac.uk/student-life/London-life.html]
[www.lse.ac.uk/Global-assets/Stock-image-assets/LSE-Freshers-Fair/1366-x-0538-pixels-promo-image-horizontal/Freshers-Fair-0499-1366x538-16-9-sRGBe.jpg]
[www.lse.ac.uk/student-life/Assets/Images/Passfield-Halls-9766-800x450-16-9-sRGBe.jpg]
[www.lse.ac.uk/student-life/Assets/Images/Freshers-Fair-0549-800x450-16-9-sRGBe.jpg]
[www.lse.ac.uk/Global-assets/Stock-image-assets/Stock-images/0800-x-0450-pixels-16-9-ratio-horizontal/St-Pauls-140-800x450-16-9-sRGBe.jpg]
[www.lse.ac.uk/student-life/Campus-life/Support-during-your-studies.html]
[www.lse.ac.uk/student-life/Assets/Images/Support-during-your-studies2-800x600.jpg]
[www.lse.ac.uk/student-life/Assets/Images/SU-banner-image-420x747-horizontal.jpg]
[www.lse.ac.uk/study/studyHome.1ca.delayed]
[www.lse.ac.uk/Global-assets/Stock-image-assets/LSE-Student-social/0800-x-0450-pixels-16-9-ratio-horizontal/Prospectus-2012-9659-800x450-16-9-sRGBe.jpg]
[www.lse.ac.uk/student-life/Assets/Images/Careers2-800x450.jpg]
[www.lse.ac.uk/student-life/Assets/Images/Hannah-Cottrell-800x450-Cropped-388x218.jpg]
[www.lse.ac.uk/study-at-lse/Assets/Images/Study-Landing-Meet-Visit-Discover.jpg]
[www.lse.ac.uk/student-lifee099.html]
[www.lse.ac.uk/student-life/accommodation/assets/images/1920x786/1920x786-northumberland-house.jpg]
[www.lse.ac.uk/student-life/accommodation/contact-us.html]
[www.lse.ac.uk/student-life/accommodation/apply.html]
[www.lse.ac.uk/student-life/accommodation/prices-and-payments.html]
[www.lse.ac.uk/student-life/accommodation/dates-and-deadlines/dates-and-deadlines.html]
[www.lse.ac.uk/student-life/accommodation/change-requests.html]
[www.lse.ac.uk/student-life/accommodation/search-accommodationa8d0.html]
[www.lse.ac.uk/student-life/accommodation/apply/mid-year-vacancies.html]
[www.lse.ac.uk/student-life/accommodation/assets/images/16x9/16x9-student-orange.jpg]
[www.lse.ac.uk/student-life/accommodation/halls/sidney-webb-house.html]
[www.lse.ac.uk/student-life/accommodation/assets/images/16x9/16x9-sidney-webb-house.jpg]
[www.lse.ac.uk/student-life/accommodation/assets/images/16x9/747x420-16x9-apply.jpg]
[www.lse.ac.uk/student-life/accommodation/assets/images/16x9/16x9-students-outside-alt.jpg]
[www.lse.ac.uk/student-life/accommodation/assets/images/16x9/16x9-bankside-reception.png]
[www.lse.ac.uk/student-life/accommodation/search-accommodation3e98.html]
[www.lse.ac.uk/student-life/accommodation/assets/images/4x3/4x3-BanksideHouse.jpg]
[www.lse.ac.uk/student-life/accommodation/apply/students-with-disabilities-or-other-support-needs.html]
[www.lse.ac.uk/student-life/accommodation/assets/images/4x3/4x3-wheelchair-moving-inr.jpg]
[www.lse.ac.uk/student-life/accommodation/apply/types-of-contracts-halls-and-rooms.html]
[www.lse.ac.uk/student-life/accommodation/assets/images/16x9/16x9-garden-passfield.jpg]
[www.lse.ac.uk/Global-assets/Stock-image-assets/Coronavirus-response/General/coronavirus-747x420.jpg]
[www.lse.ac.uk/student-life/accommodation/prices-and-payments/how-to-pay-for-accommodation.html]
[www.lse.ac.uk/student-life/accommodation/prices-and-payments/accommodation-bursary-scheme.html]
[www.lse.ac.uk/student-life/accommodation/apply/benefits-of-living-in-halls.html]
[www.lse.ac.uk/student-life/accommodation/assets/images/16x9/16x9-passfield-hall-garden-students.jpg]
[www.lse.ac.uk/student-life/accommodation/assets/images/16x9/16x9-faculty-accommodation.jpg]
[www.lse.ac.uk/student-life/accommodation/private-housing.html]
[www.lse.ac.uk/student-life/accommodation/assets/images/16x9/16x9-postcodes-map.jpg]
[www.lse.ac.uk/student-life/accommodation/assets/images/16x9/16x9-students-laptop.png]
[www.lse.ac.uk/student-life/accommodatione9c9.html]
[www.lse.ac.uk/Research.html]
[www.lse.ac.uk/Research/REF-2021.html]
[www.lse.ac.uk/Research/UK-economy.html]
[www.lse.ac.uk/Research/ukraine-lse-research-and-commentary.html]
[www.lse.ac.uk/researchAndExpertise/Experts/Home.1f6.delayed]
[www.lse.ac.uk/research/research-for-the-world.html]
[www.lse.ac.uk/News/Search-News5b10.html]
[www.lse.ac.uk/lse-playerbdc4.html]
[www.lse.ac.uk/Events/LSE-Festival/Shape-The-World.html]
[www.lse.ac.uk/Research/researcher-profiles.html]
[www.lse.ac.uk/Research/Assets/Banner-images/Wind-turbines-1366x768.jpg]
[www.lse.ac.uk/Research/Assets/Blogimages/energy-bills-uk560.jpg]
[www.lse.ac.uk/lse-playere004.html]
[www.lse.ac.uk/News/Latest-news-from-LSE/2022/j-October-22/As-many-as-84-per-cent-of-people-living-with-dementia-report-experiencing-discrimination-new-toolkit-aims-to-reduce-stigma.2]
[www.lse.ac.uk/News/News-Assets/images/Nature/Alaska-fire-747-x-560.jpg]
[www.lse.ac.uk/Research/researcher-profiles/alexandra-kirienko.html]
[www.lse.ac.uk/Research/Assets/researcher-profiles/alexandra-Kirienko/Alexandra-Kirienko-747-x-420.jpg]
[www.lse.ac.uk/Research/Assets/Feature-images/lerche-adivasilabour-747x420.jpg]
[www.lse.ac.uk/research/research-for-the-world/economics/tackling-reckless-lending-and-indebtedness-in-south-africa.html]
[www.lse.ac.uk/Research/Assets/Feature-images/Deborah-James-Sept22-747x420.png]
[www.lse.ac.uk/research/research-for-the-world/health/backstreet-abortions-not-the-only-option-for-women-in-countries-where-termination-is-forbidden.html]
[www.lse.ac.uk/Research/Assets/Feature-images/Rishita-Nandagiri-Sept22-747x420.jpg]
[www.lse.ac.uk/Research/Assets/Feature-images/George-Kunnath-Sept22-747x420.png]
[www.lse.ac.uk/research/research-for-the-world/society/how-do-we-achieve-durable-peace-in-situations-of-persisting-conflicts-lessons-from-the-colombian-peace-agreement-of-2016.20a.del]
[www.lse.ac.uk/Research/research-impact-case-studies/2021/reforming-the-law-on-storage-time-limits-for-frozen-eggs.html]
[www.lse.ac.uk/Research/Assets/Feature-images/Jacskonbadge-560.jpg]
[www.lse.ac.uk/Research/Search-Research52c4.html]
[www.lse.ac.uk/Research/Assets/Feature-images/Grantham747x420.jpg]
[www.lse.ac.uk/Global-assets/Stock-image-assets/Stock-images/0800-x-0450-pixels-16-9-ratio-horizontal/Westminster-9567-800x450-16-9-sRGBe.jpg]
[www.lse.ac.uk/People/Search-People.html]
[www.lse.ac.uk/Global-assets/Stock-image-assets/LSE-Academic-staff/0800x0450-pixels-16-9-ratio-horizontal/Coretta-Phillips-7216-800x450-16-9-sRGBe.jpg]
[www.lse.ac.uk/Research/Assets/Feature-images/REF-Roundal-747x420px.jpg]
[www.lse.ac.uk/Global-assets/Stock-image-assets/LSE-Research/0800-x-0450-pixels-16-9-ratio-horizontal/LSE-Library-Feb-15-2505-800x450-16-9-sRGBe.jpg]
[www.lse.ac.uk/Global-assets/Stock-image-assets/LSE-Freshers-Fair/0800-x-0450-pixels-16-9-ratio-horizontal/Freshers-Fair-14-0130-800x450-16-9-sRGBe.jpg]
[www.lse.ac.uk/study/PhDAcademy/home.219.delayed]
[www.lse.ac.uk/Global-assets/Stock-image-assets/LSE-Research/0800-x-0450-pixels-16-9-ratio-horizontal/PHD-Academy-2082-800x450-16-9-sRGBe.jpg]
[www.lse.ac.uk/cpec.html]
[www.lse.ac.uk/CPNSS/home.21d.delayed]
[www.lse.ac.uk/CATS/Home.21f.delayed]
[www.lse.ac.uk/WomenPeaceSecurity/Home.221.delayed]
[www.lse.ac.uk/africa/Home.224.delayed]
[www.lse.ac.uk/ideas.html]
[www.lse.ac.uk/LACC.html]
[www.lse.ac.uk/middleeastcentre/index.html]
[www.lse.ac.uk/south-asia-centre.html]
[www.lse.ac.uk/SEAC/Home.22d.delayed]
[www.lse.ac.uk/UnitedStates/Home.22f.delayed]
[www.lse.ac.uk/europeanInstitute/research/canadaBlanch/home.231.delayed]
[www.lse.ac.uk/accounting/CARR/home.233.delayed]
[www.lse.ac.uk/internationalRelations/centresandunits/CIS/cishome.235.delayed]
[www.lse.ac.uk/europeanInstitute/research/ContemporaryTurkishStudies/Home.239.delayed]
[www.lse.ac.uk/internationalDevelopment/research/crisisStates/Home.23b.delayed]
[www.lse.ac.uk/global-health-initiative.html]
[www.lse.ac.uk/europeanInstitute/research/hellenicObservatory/home.240.delayed]
[www.lse.ac.uk/geographyAndEnvironment/research/london/Home.242.delayed]
[www.lse.ac.uk/government/research/resgroups/LSEPublicPolicy/Home.244.delayed]
[www.lse.ac.uk/europeanInstitute/research/LSEE/Home.246.delayed]
[www.lse.ac.uk/socialPolicy/Researchcentresandgroups/mannheim/Home.248.delayed]
[www.lse.ac.uk/MarshallInstitute/home.24a.delayed]
[www.lse.ac.uk/government/research/resgroups/MSU/MSU home.24c.delayed]
[www.lse.ac.uk/Researcheb42.html]
[www.lse.ac.uk/People/results from_ http_/lse.funnelback.co.uk/s/search.24f837f.delayed]
[www.lse.ac.uk/People/Search-People6039.html]
[www.lse.ac.uk/People/Search-People0957.html]
[www.lse.ac.uk/People/Search-Peopled290.html]
[www.lse.ac.uk/People/Search-People2b52.html]
[www.lse.ac.uk/People/Search-Peoplef1eb.html]
[www.lse.ac.uk/People/Search-Peoplef225.html]
[www.lse.ac.uk/People/Search-People5b22.html]
[www.lse.ac.uk/People/Search-Peopled58a.html]
[www.lse.ac.uk/People/Search-People57ea.html]
[www.lse.ac.uk/People/Search-People0b63.html]
[www.lse.ac.uk/People/Search-Peopled5e3.html]
[www.lse.ac.uk/People/Search-People6c31.html]
[www.lse.ac.uk/People/Search-People3604.html]
[www.lse.ac.uk/People/Search-People0288.html]
[www.lse.ac.uk/People/Search-Peoplee606.html]
[www.lse.ac.uk/People/Search-People38d8.html]
[www.lse.ac.uk/People/Search-Peopleb43f.html]
[www.lse.ac.uk/People/Search-People87f2.html]
[www.lse.ac.uk/People/Search-Peoplefa9f.html]
[www.lse.ac.uk/People/Search-People5f00.html]
[www.lse.ac.uk/People/Search-People2db2.html]
[www.lse.ac.uk/People/Search-People8dc9.html]
[www.lse.ac.uk/People/Search-Peopleadbf.html]
[www.lse.ac.uk/People/Search-People5aee.html]
[www.lse.ac.uk/People/Search-People9bcb.html]
[www.lse.ac.uk/People/Search-People6cb5.html]
[www.lse.ac.uk/People/Search-Peopleb0f2.html]
[www.lse.ac.uk/People/Search-People3aa7.html]
[www.lse.ac.uk/People/Search-Peopleb15e.html]
[www.lse.ac.uk/People/Search-People7a23.html]
[www.lse.ac.uk/People/Search-People939c.html]
[www.lse.ac.uk/People/Search-People5b40.html]
[www.lse.ac.uk/People/Search-Peoplecc72.html]
[www.lse.ac.uk/People/Search-Peoplea67a.html]
[www.lse.ac.uk/People/Search-Peoplecdb3.html]
[www.lse.ac.uk/People/Search-People61a5.html]
[www.lse.ac.uk/People/Search-People4f09.html]
[www.lse.ac.uk/People/Search-People114e.html]
[www.lse.ac.uk/People/Search-People0980.html]
[www.lse.ac.uk/People/Search-People889b.html]
[www.lse.ac.uk/People/Search-People93f3.html]
[www.lse.ac.uk/People/Search-People2d2f.html]
[www.lse.ac.uk/People/Search-People65ce.html]
[www.lse.ac.uk/People/Search-Peoplef75a.html]
[www.lse.ac.uk/People/Search-Peoplec33a.html]
